$ git branch* master  unordered-list
$ git checkout unordered-list
M       index.html
Switched to branch 'unordered-list'
$ git branch
  master
* unordered-list
$ git add index.html
$ git commit -m "changed from paragraph to unordered lis"
[unordered-list 17609f2] changed from paragraph to unordered lis
 1 file changed, 6 insertions(+), 1 deletion(-)
$ git checkout master
Switched to branch 'master'
$ git branch
* master
  unordered-list
$ git merge unordered-list
Updating 1481f5a..17609f2
Fast-forward
 index.html | 7 ++++++-
 1 file changed, 6 insertions(+), 1 deletion(-)
$ git branch big-heading
$ 
$ git branch
  big-heading
* master
  unordered-list
$ git checkout big-heading
Switched to branch 'big-heading'
$ git branch
* big-heading
  master
  unordered-list
$ git add index.html
$ git commit -m "header size changed"
[big-heading 17fde4d] header size changed
 1 file changed, 1 insertion(+), 1 deletion(-)
$ git checkout master
Switched to branch 'master'
$ git branch
  big-heading
* master
  unordered-list
$ git merge big-heading
Updating 17609f2..17fde4d
Fast-forward
 index.html | 2 +-
 1 file changed, 1 insertion(+), 1 deletion(-)
$ 